# About me

{$setup}


adjective = "happy"
{$end}

I am a {adjective} person.

====>

import qualified Templette.Prelude



adjective = "happy"
templetteOutput :: Templette.Prelude.Text
templetteOutput = mconcat
  [ "# About me\n\n"
  , "\n\nI am a "
  , Templette.Prelude.interpolate (adjective)
  , " person.\n"
  ]

