Normal line
Expression: {repeat 10 '.'}
Greeting: {greeting}!
Ending

====>

import qualified Templette.Prelude
templetteOutput :: Templette.Prelude.Text
templetteOutput = mconcat
  [ "Normal line\nExpression: "
  , Templette.Prelude.interpolate (repeat 10 '.')
  , "\nGreeting: "
  , Templette.Prelude.interpolate (greeting)
  , "!\nEnding\n"
  ]

