Normal line
Expression: {repeat 10 '.'}
Greeting: {greeting}!
Ending

====>

import qualified Templette.Prelude
templetteOutput :: Templette.Prelude.Text
templetteOutput = mconcat
  [ Templette.Prelude.text "Normal line\nExpression: "
  , Templette.Prelude.interpolate (repeat 10 '.')
  , Templette.Prelude.text "\nGreeting: "
  , Templette.Prelude.interpolate (greeting)
  , Templette.Prelude.text "!\nEnding\n"
  ]

